/*---------------------------------------------------------------------------*\
  =========                 |
  \\      /  F ield         | OpenFOAM: The Open Source CFD Toolbox
   \\    /   O peration     | Website:  https://openfoam.org
    \\  /    A nd           | Version:  10
     \\/     M anipulation  |
\*---------------------------------------------------------------------------*/
Build  : 10-c4cf895ad8fa
Exec   : gpu2.8 -case /home/lss/OpenFOAM/lss-10/applications/solvers/SOURCE_STUDY_ARCHIVE/cases/performance/taylorGreen
Date   : Aug 09 2026
Time   : 18:17:53
Host   : "lss"
PID    : 3425
I/O    : uncollated
Case   : /home/lss/OpenFOAM/lss-10/applications/solvers/SOURCE_STUDY_ARCHIVE/cases/performance/taylorGreen
nProcs : 1
sigFpe : Enabling floating point exception trapping (FOAM_SIGFPE).
fileModificationChecking : Monitoring run-time modified files using timeStampMaster (fileModificationSkew 10)
allowSystemOperations : Allowing user-supplied system call operations

// * * * * * * * * * * * * * * * * * * * * * * * * * * * * * * * * * * * * * //
Create time

GPU2.8: separated-backend explicit GPU turbulence solver
Create mesh for time = 0

--> FOAM Warning : 
    From function int main(int, char**)
    in file readGpuGasConfiguration.H at line 139
    Using deprecated gas thermodynamics from constant/gksProperties. Migrate to physicalProperties.
--> FOAM Warning : 
    From function int main(int, char**)
    in file readGpuGasConfiguration.H at line 448
    Using deprecated gasNumerics from gksProperties. Migrate flux and time/spatial schemes to system/fvSchemes.
Particle cell path: csrCellLocalPath=1 heavyReduction=0 heavyCellThreshold=4096 tileParticles=4096 workerBlocksPerSM=4 warpAggregatedBinning=1
#0  Foam::error::printStack(Foam::Ostream&) at ??:?
#1  Foam::sigSegv::sigHandler(int) at ??:?
#2  ? in "/lib/x86_64-linux-gnu/libc.so.6"
#3  std::__cxx11::basic_string<char, std::char_traits<char>, std::allocator<char> >::_M_create(unsigned long&, unsigned long) in "/lib/x86_64-linux-gnu/libstdc++.so.6"
#4  ? in "/home/lss/OpenFOAM/lss-10/platforms/linux64GccDPInt32Opt/bin/gpu2.8"
#5  ? in "/home/lss/OpenFOAM/lss-10/platforms/linux64GccDPInt32Opt/bin/gpu2.8"
#6  ? in "/lib/x86_64-linux-gnu/libc.so.6"
#7  __libc_start_main in "/lib/x86_64-linux-gnu/libc.so.6"
#8  ? in "/home/lss/OpenFOAM/lss-10/platforms/linux64GccDPInt32Opt/bin/gpu2.8"
