/*---------------------------------------------------------------------------*\
  =========                 |
  \\      /  F ield         | OpenFOAM: The Open Source CFD Toolbox
   \\    /   O peration     | Website:  https://openfoam.org
    \\  /    A nd           | Version:  10
     \\/     M anipulation  |
\*---------------------------------------------------------------------------*/
Build  : 10-c4cf895ad8fa
Exec   : gpu2.8
Date   : Aug 10 2026
Time   : 07:36:25
Host   : "lss"
PID    : 610567
I/O    : uncollated
Case   : /home/lss/OpenFOAM/lss-10/applications/solvers/SOURCE_STUDY_ARCHIVE/results/injectionNozzle_trajectory_20260810
nProcs : 1
sigFpe : Enabling floating point exception trapping (FOAM_SIGFPE).
fileModificationChecking : Monitoring run-time modified files using timeStampMaster (fileModificationSkew 10)
allowSystemOperations : Allowing user-supplied system call operations

// * * * * * * * * * * * * * * * * * * * * * * * * * * * * * * * * * * * * * //
Create time

GPU2.8: separated-backend explicit GPU turbulence solver
Create mesh for time = 0.10999998

Particle cell path: csrCellLocalPath=1 heavyReduction=0 heavyCellThreshold=1024 tileParticles=1024 workerBlocksPerSM=4 warpAggregatedBinning=1
runTime = 66 simulationTime = 0.11099999 particleCount = 7718 CoMax = 0.50053926901257
runTime = 128 simulationTime = 0.11200003 particleCount = 7574 CoMax = 0.49989702193572
runTime = 191 simulationTime = 0.11300001 particleCount = 7536 CoMax = 0.49994770397265
runTime = 254 simulationTime = 0.11399998 particleCount = 7511 CoMax = 0.50009109898264
runTime = 317 simulationTime = 0.11500001 particleCount = 7581 CoMax = 0.50007704982438
runTime = 379 simulationTime = 0.11599998 particleCount = 7660 CoMax = 0.49962818293279
runTime = 442 simulationTime = 0.11699999 particleCount = 7688 CoMax = 0.4996338822162
runTime = 506 simulationTime = 0.11799999 particleCount = 7626 CoMax = 0.50091646397951
runTime = 570 simulationTime = 0.11900003 particleCount = 7629 CoMax = 0.50027775613023
runTime = 633 simulationTime = 0.12 particleCount = 7603 CoMax = 0.49998991480135
