/*---------------------------------------------------------------------------*\
  =========                 |
  \\      /  F ield         | OpenFOAM: The Open Source CFD Toolbox
   \\    /   O peration     | Website:  https://openfoam.org
    \\  /    A nd           | Version:  10
     \\/     M anipulation  |
\*---------------------------------------------------------------------------*/
Build  : 10-c4cf895ad8fa
Exec   : /home/lss/OpenFOAM/lss-10/platforms/linux64GccDPInt32Opt/bin/gasUGKP -case /home/lss/OpenFOAM/lss-10/applications/solvers/UGKPUnified/results/heavy_laval_l2_optimized_20260820/inputs/k64
Date   : Aug 20 2026
Time   : 01:56:22
Host   : "lss"
PID    : 15274
I/O    : uncollated
Case   : /home/lss/OpenFOAM/lss-10/applications/solvers/UGKPUnified/results/heavy_laval_l2_optimized_20260820/inputs/k64
nProcs : 1
sigFpe : Enabling floating point exception trapping (FOAM_SIGFPE).
fileModificationChecking : Monitoring run-time modified files using timeStampMaster (fileModificationSkew 10)
allowSystemOperations : Allowing user-supplied system call operations

// * * * * * * * * * * * * * * * * * * * * * * * * * * * * * * * * * * * * * //
Create time

gasUGKP: weighted-parcel configurable-block dynamic-heavy separated-backend GPU solver
Create mesh for time = 0.11500001

GPU particle forces: dragModel=GidaspowErgunWenYu gravity=(0 0 0) m/s^2
Particle cell path: csrCellLocalPath=1 heavyReduction=1 bn=6 blockThreads=64 heavyPolicy=occupancyDynamic warpAggregatedBinning=1 splitPreDirectory=1
Particle launch geometry: bn=6 B=64 SM=24 hardwareMaxThreadsPerBlock=1024 hardwareMaxBlocksPerSM=24 particleBlocksPerSM=10 lightBlocksPerSM=10 heavyBlocksPerSM=10
