/*---------------------------------------------------------------------------*\
  =========                 |
  \\      /  F ield         | OpenFOAM: The Open Source CFD Toolbox
   \\    /   O peration     | Website:  https://openfoam.org
    \\  /    A nd           | Version:  10
     \\/     M anipulation  |
\*---------------------------------------------------------------------------*/
Build  : 10-c4cf895ad8fa
Exec   : /home/lss/OpenFOAM/lss-10/platforms/linux64GccDPInt32Opt/bin/gpu3.0 -case /home/lss/OpenFOAM/lss-10/applications/solvers/SOURCE_STUDY_ARCHIVE/results/injectionNozzle_gpu30_four_state_tail_matrix_20260813/inputs/k32
Date   : Aug 13 2026
Time   : 03:55:34
Host   : "lss"
PID    : 108429
I/O    : uncollated
Case   : /home/lss/OpenFOAM/lss-10/applications/solvers/SOURCE_STUDY_ARCHIVE/results/injectionNozzle_gpu30_four_state_tail_matrix_20260813/inputs/k32
nProcs : 1
sigFpe : Enabling floating point exception trapping (FOAM_SIGFPE).
fileModificationChecking : Monitoring run-time modified files using timeStampMaster (fileModificationSkew 10)
allowSystemOperations : Allowing user-supplied system call operations

// * * * * * * * * * * * * * * * * * * * * * * * * * * * * * * * * * * * * * //
Create time

GPU3.0: weighted-parcel configurable-block dynamic-heavy separated-backend GPU solver
Create mesh for time = 0.11500001

--> FOAM Warning : 
    From function int main(int, char**)
    in file readGpuGasConfiguration.H at line 94
    Deprecated fvSolution control dictionary GPU2_6 detected. Rename it to GpuGkp.
GPU particle forces: dragModel=GidaspowErgunWenYu gravity=(0 0 0) m/s^2
Particle cell path: csrCellLocalPath=1 heavyReduction=0 bn=6 blockThreads=64 heavyPolicy=occupancyDynamic warpAggregatedBinning=1 splitPreDirectory=1
GPU2.95 launch geometry: bn=6 B=64 SM=24 hardwareMaxThreadsPerBlock=1024 hardwareMaxBlocksPerSM=24 particleBlocksPerSM=10 lightBlocksPerSM=19 heavyBlocksPerSM=0
